// Jest Snapshot v1, https://goo.gl/fbAQLP

exports[`Landing Page should match the snapshot 1`] = `
ShallowWrapper {
  Symbol(enzyme.__root__): [Circular],
  Symbol(enzyme.__unrendered__): <LandingPage />,
  Symbol(enzyme.__renderer__): Object {
    "batchedUpdates": [Function],
    "getNode": [Function],
    "render": [Function],
    "simulateError": [Function],
    "simulateEvent": [Function],
    "unmount": [Function],
  },
  Symbol(enzyme.__node__): Object {
    "instance": null,
    "key": undefined,
    "nodeType": "host",
    "props": Object {
      "children": <main
        className="component-container"
      >
        <ScrollSection
          className="scroll-section"
        />
        <section
          className="right-section"
        >
          <Header
            className="header"
          />
          <CardContainer
            className="card-container"
          />
          <Buttons
            className="buttons-section"
          />
        </section>
      </main>,
      "className": "LandingPage",
    },
    "ref": null,
    "rendered": Object {
      "instance": null,
      "key": undefined,
      "nodeType": "host",
      "props": Object {
        "children": Array [
          <ScrollSection
            className="scroll-section"
          />,
          <section
            className="right-section"
          >
            <Header
              className="header"
            />
            <CardContainer
              className="card-container"
            />
            <Buttons
              className="buttons-section"
            />
          </section>,
        ],
        "className": "component-container",
      },
      "ref": null,
      "rendered": Array [
        Object {
          "instance": null,
          "key": undefined,
          "nodeType": "class",
          "props": Object {
            "className": "scroll-section",
            "filmText": undefined,
          },
          "ref": null,
          "rendered": null,
          "type": [Function],
        },
        Object {
          "instance": null,
          "key": undefined,
          "nodeType": "host",
          "props": Object {
            "children": Array [
              <Header
                className="header"
              />,
              <CardContainer
                className="card-container"
              />,
              <Buttons
                className="buttons-section"
              />,
            ],
            "className": "right-section",
          },
          "ref": null,
          "rendered": Array [
            Object {
              "instance": null,
              "key": undefined,
              "nodeType": "function",
              "props": Object {
                "className": "header",
              },
              "ref": null,
              "rendered": null,
              "type": [Function],
            },
            Object {
              "instance": null,
              "key": undefined,
              "nodeType": "function",
              "props": Object {
                "className": "card-container",
                "items": undefined,
              },
              "ref": null,
              "rendered": null,
              "type": [Function],
            },
            Object {
              "instance": null,
              "key": undefined,
              "nodeType": "class",
              "props": Object {
                "className": "buttons-section",
                "getPeopleCards": undefined,
                "getPlanetCards": undefined,
                "getVehicleCards": undefined,
              },
              "ref": null,
              "rendered": null,
              "type": [Function],
            },
          ],
          "type": "section",
        },
      ],
      "type": "main",
    },
    "type": "div",
  },
  Symbol(enzyme.__nodes__): Array [
    Object {
      "instance": null,
      "key": undefined,
      "nodeType": "host",
      "props": Object {
        "children": <main
          className="component-container"
        >
          <ScrollSection
            className="scroll-section"
          />
          <section
            className="right-section"
          >
            <Header
              className="header"
            />
            <CardContainer
              className="card-container"
            />
            <Buttons
              className="buttons-section"
            />
          </section>
        </main>,
        "className": "LandingPage",
      },
      "ref": null,
      "rendered": Object {
        "instance": null,
        "key": undefined,
        "nodeType": "host",
        "props": Object {
          "children": Array [
            <ScrollSection
              className="scroll-section"
            />,
            <section
              className="right-section"
            >
              <Header
                className="header"
              />
              <CardContainer
                className="card-container"
              />
              <Buttons
                className="buttons-section"
              />
            </section>,
          ],
          "className": "component-container",
        },
        "ref": null,
        "rendered": Array [
          Object {
            "instance": null,
            "key": undefined,
            "nodeType": "class",
            "props": Object {
              "className": "scroll-section",
              "filmText": undefined,
            },
            "ref": null,
            "rendered": null,
            "type": [Function],
          },
          Object {
            "instance": null,
            "key": undefined,
            "nodeType": "host",
            "props": Object {
              "children": Array [
                <Header
                  className="header"
                />,
                <CardContainer
                  className="card-container"
                />,
                <Buttons
                  className="buttons-section"
                />,
              ],
              "className": "right-section",
            },
            "ref": null,
            "rendered": Array [
              Object {
                "instance": null,
                "key": undefined,
                "nodeType": "function",
                "props": Object {
                  "className": "header",
                },
                "ref": null,
                "rendered": null,
                "type": [Function],
              },
              Object {
                "instance": null,
                "key": undefined,
                "nodeType": "function",
                "props": Object {
                  "className": "card-container",
                  "items": undefined,
                },
                "ref": null,
                "rendered": null,
                "type": [Function],
              },
              Object {
                "instance": null,
                "key": undefined,
                "nodeType": "class",
                "props": Object {
                  "className": "buttons-section",
                  "getPeopleCards": undefined,
                  "getPlanetCards": undefined,
                  "getVehicleCards": undefined,
                },
                "ref": null,
                "rendered": null,
                "type": [Function],
              },
            ],
            "type": "section",
          },
        ],
        "type": "main",
      },
      "type": "div",
    },
  ],
  Symbol(enzyme.__options__): Object {
    "adapter": ReactSixteenAdapter {
      "options": Object {
        "enableComponentDidUpdateOnSetState": true,
        "lifecycles": Object {
          "componentDidUpdate": Object {
            "onSetState": true,
          },
          "getDerivedStateFromProps": true,
          "getSnapshotBeforeUpdate": true,
          "setState": Object {
            "skipsComponentDidUpdateOnNullish": true,
          },
        },
      },
    },
  },
}
`;
