// Jest Snapshot v1, https://goo.gl/fbAQLP

exports[`App matches the snapshot 1`] = `
ShallowWrapper {
  Symbol(enzyme.__root__): [Circular],
  Symbol(enzyme.__unrendered__): <App />,
  Symbol(enzyme.__renderer__): Object {
    "batchedUpdates": [Function],
    "getNode": [Function],
    "render": [Function],
    "simulateError": [Function],
    "simulateEvent": [Function],
    "unmount": [Function],
  },
  Symbol(enzyme.__node__): Object {
    "instance": null,
    "key": undefined,
    "nodeType": "host",
    "props": Object {
      "children": <div
        className="intro-page"
      >
        <h1
          className="swapi-intro-title"
        >
          swapi-box
        </h1>
        <NavLink
          activeClassName="active"
          aria-current="page"
          className="nav"
          onClick={[Function]}
          to="/landingpage"
        >
          <button
            className="intro-swapi-button"
          >
            <img
              alt=""
              height="80"
              src="rebel-alliance.png"
              width="80"
            />
          </button>
        </NavLink>
        <main
          className="main-div"
        >
          <div
            className="crawl-text-div"
          >
            <section
              className="filmtext-content"
            >
              <div
                className="film-text"
              >
                <p />
                <h2 />
                <h5 />
              </div>
            </section>
          </div>
        </main>
      </div>,
    },
    "ref": null,
    "rendered": Object {
      "instance": null,
      "key": undefined,
      "nodeType": "host",
      "props": Object {
        "children": Array [
          <h1
            className="swapi-intro-title"
          >
            swapi-box
          </h1>,
          <NavLink
            activeClassName="active"
            aria-current="page"
            className="nav"
            onClick={[Function]}
            to="/landingpage"
          >
            <button
              className="intro-swapi-button"
            >
              <img
                alt=""
                height="80"
                src="rebel-alliance.png"
                width="80"
              />
            </button>
          </NavLink>,
          <main
            className="main-div"
          >
            <div
              className="crawl-text-div"
            >
              <section
                className="filmtext-content"
              >
                <div
                  className="film-text"
                >
                  <p />
                  <h2 />
                  <h5 />
                </div>
              </section>
            </div>
          </main>,
        ],
        "className": "intro-page",
      },
      "ref": null,
      "rendered": Array [
        Object {
          "instance": null,
          "key": undefined,
          "nodeType": "host",
          "props": Object {
            "children": "swapi-box",
            "className": "swapi-intro-title",
          },
          "ref": null,
          "rendered": "swapi-box",
          "type": "h1",
        },
        Object {
          "instance": null,
          "key": undefined,
          "nodeType": "function",
          "props": Object {
            "activeClassName": "active",
            "aria-current": "page",
            "children": <button
              className="intro-swapi-button"
            >
              <img
                alt=""
                height="80"
                src="rebel-alliance.png"
                width="80"
              />
            </button>,
            "className": "nav",
            "onClick": [Function],
            "to": "/landingpage",
          },
          "ref": null,
          "rendered": Object {
            "instance": null,
            "key": undefined,
            "nodeType": "host",
            "props": Object {
              "children": <img
                alt=""
                height="80"
                src="rebel-alliance.png"
                width="80"
              />,
              "className": "intro-swapi-button",
            },
            "ref": null,
            "rendered": Object {
              "instance": null,
              "key": undefined,
              "nodeType": "host",
              "props": Object {
                "alt": "",
                "height": "80",
                "src": "rebel-alliance.png",
                "width": "80",
              },
              "ref": null,
              "rendered": null,
              "type": "img",
            },
            "type": "button",
          },
          "type": [Function],
        },
        Object {
          "instance": null,
          "key": undefined,
          "nodeType": "host",
          "props": Object {
            "children": <div
              className="crawl-text-div"
            >
              <section
                className="filmtext-content"
              >
                <div
                  className="film-text"
                >
                  <p />
                  <h2 />
                  <h5 />
                </div>
              </section>
            </div>,
            "className": "main-div",
          },
          "ref": null,
          "rendered": Object {
            "instance": null,
            "key": undefined,
            "nodeType": "host",
            "props": Object {
              "children": <section
                className="filmtext-content"
              >
                <div
                  className="film-text"
                >
                  <p />
                  <h2 />
                  <h5 />
                </div>
              </section>,
              "className": "crawl-text-div",
            },
            "ref": null,
            "rendered": Object {
              "instance": null,
              "key": undefined,
              "nodeType": "host",
              "props": Object {
                "children": <div
                  className="film-text"
                >
                  <p />
                  <h2 />
                  <h5 />
                </div>,
                "className": "filmtext-content",
              },
              "ref": null,
              "rendered": Object {
                "instance": null,
                "key": undefined,
                "nodeType": "host",
                "props": Object {
                  "children": Array [
                    <p />,
                    <h2 />,
                    <h5 />,
                  ],
                  "className": "film-text",
                },
                "ref": null,
                "rendered": Array [
                  Object {
                    "instance": null,
                    "key": undefined,
                    "nodeType": "host",
                    "props": Object {
                      "children": undefined,
                    },
                    "ref": null,
                    "rendered": null,
                    "type": "p",
                  },
                  Object {
                    "instance": null,
                    "key": undefined,
                    "nodeType": "host",
                    "props": Object {
                      "children": undefined,
                    },
                    "ref": null,
                    "rendered": null,
                    "type": "h2",
                  },
                  Object {
                    "instance": null,
                    "key": undefined,
                    "nodeType": "host",
                    "props": Object {
                      "children": undefined,
                    },
                    "ref": null,
                    "rendered": null,
                    "type": "h5",
                  },
                ],
                "type": "div",
              },
              "type": "section",
            },
            "type": "div",
          },
          "type": "main",
        },
      ],
      "type": "div",
    },
    "type": "div",
  },
  Symbol(enzyme.__nodes__): Array [
    Object {
      "instance": null,
      "key": undefined,
      "nodeType": "host",
      "props": Object {
        "children": <div
          className="intro-page"
        >
          <h1
            className="swapi-intro-title"
          >
            swapi-box
          </h1>
          <NavLink
            activeClassName="active"
            aria-current="page"
            className="nav"
            onClick={[Function]}
            to="/landingpage"
          >
            <button
              className="intro-swapi-button"
            >
              <img
                alt=""
                height="80"
                src="rebel-alliance.png"
                width="80"
              />
            </button>
          </NavLink>
          <main
            className="main-div"
          >
            <div
              className="crawl-text-div"
            >
              <section
                className="filmtext-content"
              >
                <div
                  className="film-text"
                >
                  <p />
                  <h2 />
                  <h5 />
                </div>
              </section>
            </div>
          </main>
        </div>,
      },
      "ref": null,
      "rendered": Object {
        "instance": null,
        "key": undefined,
        "nodeType": "host",
        "props": Object {
          "children": Array [
            <h1
              className="swapi-intro-title"
            >
              swapi-box
            </h1>,
            <NavLink
              activeClassName="active"
              aria-current="page"
              className="nav"
              onClick={[Function]}
              to="/landingpage"
            >
              <button
                className="intro-swapi-button"
              >
                <img
                  alt=""
                  height="80"
                  src="rebel-alliance.png"
                  width="80"
                />
              </button>
            </NavLink>,
            <main
              className="main-div"
            >
              <div
                className="crawl-text-div"
              >
                <section
                  className="filmtext-content"
                >
                  <div
                    className="film-text"
                  >
                    <p />
                    <h2 />
                    <h5 />
                  </div>
                </section>
              </div>
            </main>,
          ],
          "className": "intro-page",
        },
        "ref": null,
        "rendered": Array [
          Object {
            "instance": null,
            "key": undefined,
            "nodeType": "host",
            "props": Object {
              "children": "swapi-box",
              "className": "swapi-intro-title",
            },
            "ref": null,
            "rendered": "swapi-box",
            "type": "h1",
          },
          Object {
            "instance": null,
            "key": undefined,
            "nodeType": "function",
            "props": Object {
              "activeClassName": "active",
              "aria-current": "page",
              "children": <button
                className="intro-swapi-button"
              >
                <img
                  alt=""
                  height="80"
                  src="rebel-alliance.png"
                  width="80"
                />
              </button>,
              "className": "nav",
              "onClick": [Function],
              "to": "/landingpage",
            },
            "ref": null,
            "rendered": Object {
              "instance": null,
              "key": undefined,
              "nodeType": "host",
              "props": Object {
                "children": <img
                  alt=""
                  height="80"
                  src="rebel-alliance.png"
                  width="80"
                />,
                "className": "intro-swapi-button",
              },
              "ref": null,
              "rendered": Object {
                "instance": null,
                "key": undefined,
                "nodeType": "host",
                "props": Object {
                  "alt": "",
                  "height": "80",
                  "src": "rebel-alliance.png",
                  "width": "80",
                },
                "ref": null,
                "rendered": null,
                "type": "img",
              },
              "type": "button",
            },
            "type": [Function],
          },
          Object {
            "instance": null,
            "key": undefined,
            "nodeType": "host",
            "props": Object {
              "children": <div
                className="crawl-text-div"
              >
                <section
                  className="filmtext-content"
                >
                  <div
                    className="film-text"
                  >
                    <p />
                    <h2 />
                    <h5 />
                  </div>
                </section>
              </div>,
              "className": "main-div",
            },
            "ref": null,
            "rendered": Object {
              "instance": null,
              "key": undefined,
              "nodeType": "host",
              "props": Object {
                "children": <section
                  className="filmtext-content"
                >
                  <div
                    className="film-text"
                  >
                    <p />
                    <h2 />
                    <h5 />
                  </div>
                </section>,
                "className": "crawl-text-div",
              },
              "ref": null,
              "rendered": Object {
                "instance": null,
                "key": undefined,
                "nodeType": "host",
                "props": Object {
                  "children": <div
                    className="film-text"
                  >
                    <p />
                    <h2 />
                    <h5 />
                  </div>,
                  "className": "filmtext-content",
                },
                "ref": null,
                "rendered": Object {
                  "instance": null,
                  "key": undefined,
                  "nodeType": "host",
                  "props": Object {
                    "children": Array [
                      <p />,
                      <h2 />,
                      <h5 />,
                    ],
                    "className": "film-text",
                  },
                  "ref": null,
                  "rendered": Array [
                    Object {
                      "instance": null,
                      "key": undefined,
                      "nodeType": "host",
                      "props": Object {
                        "children": undefined,
                      },
                      "ref": null,
                      "rendered": null,
                      "type": "p",
                    },
                    Object {
                      "instance": null,
                      "key": undefined,
                      "nodeType": "host",
                      "props": Object {
                        "children": undefined,
                      },
                      "ref": null,
                      "rendered": null,
                      "type": "h2",
                    },
                    Object {
                      "instance": null,
                      "key": undefined,
                      "nodeType": "host",
                      "props": Object {
                        "children": undefined,
                      },
                      "ref": null,
                      "rendered": null,
                      "type": "h5",
                    },
                  ],
                  "type": "div",
                },
                "type": "section",
              },
              "type": "div",
            },
            "type": "main",
          },
        ],
        "type": "div",
      },
      "type": "div",
    },
  ],
  Symbol(enzyme.__options__): Object {
    "adapter": ReactSixteenAdapter {
      "options": Object {
        "enableComponentDidUpdateOnSetState": true,
        "lifecycles": Object {
          "componentDidUpdate": Object {
            "onSetState": true,
          },
          "getDerivedStateFromProps": true,
          "getSnapshotBeforeUpdate": true,
          "setState": Object {
            "skipsComponentDidUpdateOnNullish": true,
          },
        },
      },
    },
  },
}
`;
